Exception in thread "SpringApplicationShutdownHook" java.lang.NoClassDefFoundError: org/apache/catalina/Lifecycle$SingleUse
	at org.apache.catalina.util.LifecycleBase.stop(LifecycleBase.java:247)
	at org.apache.catalina.startup.Tomcat.stop(Tomcat.java:445)
	at org.springframework.boot.tomcat.TomcatWebServer.stopTomcat(TomcatWebServer.java:298)
	at org.springframework.boot.tomcat.TomcatWebServer.destroy(TomcatWebServer.java:371)
	at org.springframework.boot.web.server.servlet.context.ServletWebServerApplicationContext.doClose(ServletWebServerApplicationContext.java:179)
	at org.springframework.context.support.AbstractApplicationContext.close(AbstractApplicationContext.java:1153)
	at org.springframework.boot.SpringApplicationShutdownHook.closeAndWait(SpringApplicationShutdownHook.java:147)
	at java.base/java.lang.Iterable.forEach(Iterable.java:75)
	at org.springframework.boot.SpringApplicationShutdownHook.run(SpringApplicationShutdownHook.java:116)
	at java.base/java.lang.Thread.run(Thread.java:1583)
Caused by: java.lang.ClassNotFoundException: org.apache.catalina.Lifecycle$SingleUse
	... 10 more
Exception in thread "http-nio-8080-exec-4" Exception in thread "http-nio-8080-exec-10" Exception in thread "http-nio-8080-exec-9" Exception in thread "http-nio-8080-exec-6" Exception in thread "http-nio-8080-exec-1" java.lang.NoClassDefFoundError: ch/qos/logback/classic/spi/ThrowableProxy
	at ch.qos.logback.classic.spi.LoggingEvent.<init>(LoggingEvent.java:145)
	at ch.qos.logback.classic.Logger.buildLoggingEventAndAppend(Logger.java:429)
	at ch.qos.logback.classic.Logger.filterAndLog_0_Or3Plus(Logger.java:388)
	at ch.qos.logback.classic.Logger.log(Logger.java:805)
	at org.slf4j.bridge.SLF4JBridgeHandler.callLocationAwareLogger(SLF4JBridgeHandler.java:232)
	at org.slf4j.bridge.SLF4JBridgeHandler.publish(SLF4JBridgeHandler.java:313)
	at java.logging/java.util.logging.Logger.log(Logger.java:983)
	at java.logging/java.util.logging.Logger.doLog(Logger.java:1010)
	at java.logging/java.util.logging.Logger.logp(Logger.java:1287)
	at org.apache.juli.logging.DirectJDKLog.log(DirectJDKLog.java:170)
	at org.apache.juli.logging.DirectJDKLog.error(DirectJDKLog.java:141)
	at org.apache.tomcat.util.net.NioEndpoint$SocketProcessor.doRun(NioEndpoint.java:1797)
	at org.apache.tomcat.util.net.SocketProcessorBase.run(SocketProcessorBase.java:52)
	at org.apache.tomcat.util.threads.ThreadPoolExecutor.runWorker(ThreadPoolExecutor.java:946)
	at org.apache.tomcat.util.threads.ThreadPoolExecutor$Worker.run(ThreadPoolExecutor.java:480)
	at org.apache.tomcat.util.threads.TaskThread$WrappingRunnable.run(TaskThread.java:57)
	at java.base/java.lang.Thread.run(Thread.java:1583)
Caused by: java.lang.ClassNotFoundException: ch.qos.logback.classic.spi.ThrowableProxy
	... 17 more
java.lang.NoClassDefFoundError: ch/qos/logback/classic/spi/ThrowableProxy
	at ch.qos.logback.classic.spi.LoggingEvent.<init>(LoggingEvent.java:145)
	at ch.qos.logback.classic.Logger.buildLoggingEventAndAppend(Logger.java:429)
	at ch.qos.logback.classic.Logger.filterAndLog_0_Or3Plus(Logger.java:388)
	at ch.qos.logback.classic.Logger.log(Logger.java:805)
	at org.slf4j.bridge.SLF4JBridgeHandler.callLocationAwareLogger(SLF4JBridgeHandler.java:232)
	at org.slf4j.bridge.SLF4JBridgeHandler.publish(SLF4JBridgeHandler.java:313)
	at java.logging/java.util.logging.Logger.log(Logger.java:983)
	at java.logging/java.util.logging.Logger.doLog(Logger.java:1010)
	at java.logging/java.util.logging.Logger.logp(Logger.java:1287)
	at org.apache.juli.logging.DirectJDKLog.log(DirectJDKLog.java:170)
	at org.apache.juli.logging.DirectJDKLog.error(DirectJDKLog.java:141)
	at org.apache.tomcat.util.net.NioEndpoint$SocketProcessor.doRun(NioEndpoint.java:1797)
	at org.apache.tomcat.util.net.SocketProcessorBase.run(SocketProcessorBase.java:52)
	at org.apache.tomcat.util.threads.ThreadPoolExecutor.runWorker(ThreadPoolExecutor.java:946)
	at org.apache.tomcat.util.threads.ThreadPoolExecutor$Worker.run(ThreadPoolExecutor.java:480)
	at org.apache.tomcat.util.threads.TaskThread$WrappingRunnable.run(TaskThread.java:57)
	at java.base/java.lang.Thread.run(Thread.java:1583)
Caused by: java.lang.ClassNotFoundException: ch.qos.logback.classic.spi.ThrowableProxy
	... 17 more
java.lang.NoClassDefFoundError: ch/qos/logback/classic/spi/ThrowableProxy
	at ch.qos.logback.classic.spi.LoggingEvent.<init>(LoggingEvent.java:145)
	at ch.qos.logback.classic.Logger.buildLoggingEventAndAppend(Logger.java:429)
	at ch.qos.logback.classic.Logger.filterAndLog_0_Or3Plus(Logger.java:388)
	at ch.qos.logback.classic.Logger.log(Logger.java:805)
	at org.slf4j.bridge.SLF4JBridgeHandler.callLocationAwareLogger(SLF4JBridgeHandler.java:232)
	at org.slf4j.bridge.SLF4JBridgeHandler.publish(SLF4JBridgeHandler.java:313)
	at java.logging/java.util.logging.Logger.log(Logger.java:983)
	at java.logging/java.util.logging.Logger.doLog(Logger.java:1010)
	at java.logging/java.util.logging.Logger.logp(Logger.java:1287)
	at org.apache.juli.logging.DirectJDKLog.log(DirectJDKLog.java:170)
	at org.apache.juli.logging.DirectJDKLog.error(DirectJDKLog.java:141)
	at org.apache.tomcat.util.net.NioEndpoint$SocketProcessor.doRun(NioEndpoint.java:1797)
	at org.apache.tomcat.util.net.SocketProcessorBase.run(SocketProcessorBase.java:52)
	at org.apache.tomcat.util.threads.ThreadPoolExecutor.runWorker(ThreadPoolExecutor.java:946)
	at org.apache.tomcat.util.threads.ThreadPoolExecutor$Worker.run(ThreadPoolExecutor.java:480)
	at org.apache.tomcat.util.threads.TaskThread$WrappingRunnable.run(TaskThread.java:57)
	at java.base/java.lang.Thread.run(Thread.java:1583)
Caused by: java.lang.ClassNotFoundException: ch.qos.logback.classic.spi.ThrowableProxy
	... 17 more
java.lang.NoClassDefFoundError: ch/qos/logback/classic/spi/ThrowableProxy
	at ch.qos.logback.classic.spi.LoggingEvent.<init>(LoggingEvent.java:145)
	at ch.qos.logback.classic.Logger.buildLoggingEventAndAppend(Logger.java:429)
	at ch.qos.logback.classic.Logger.filterAndLog_0_Or3Plus(Logger.java:388)
	at ch.qos.logback.classic.Logger.log(Logger.java:805)
	at org.slf4j.bridge.SLF4JBridgeHandler.callLocationAwareLogger(SLF4JBridgeHandler.java:232)
	at org.slf4j.bridge.SLF4JBridgeHandler.publish(SLF4JBridgeHandler.java:313)
	at java.logging/java.util.logging.Logger.log(Logger.java:983)
	at java.logging/java.util.logging.Logger.doLog(Logger.java:1010)
	at java.logging/java.util.logging.Logger.logp(Logger.java:1287)
	at org.apache.juli.logging.DirectJDKLog.log(DirectJDKLog.java:170)
	at org.apache.juli.logging.DirectJDKLog.error(DirectJDKLog.java:141)
	at org.apache.tomcat.util.net.NioEndpoint$SocketProcessor.doRun(NioEndpoint.java:1797)
	at org.apache.tomcat.util.net.SocketProcessorBase.run(SocketProcessorBase.java:52)
	at org.apache.tomcat.util.threads.ThreadPoolExecutor.runWorker(ThreadPoolExecutor.java:946)
	at org.apache.tomcat.util.threads.ThreadPoolExecutor$Worker.run(ThreadPoolExecutor.java:480)
	at org.apache.tomcat.util.threads.TaskThread$WrappingRunnable.run(TaskThread.java:57)
	at java.base/java.lang.Thread.run(Thread.java:1583)
Caused by: java.lang.ClassNotFoundException: ch.qos.logback.classic.spi.ThrowableProxy
	... 17 more
java.lang.NoClassDefFoundError: ch/qos/logback/classic/spi/ThrowableProxy
	at ch.qos.logback.classic.spi.LoggingEvent.<init>(LoggingEvent.java:145)
	at ch.qos.logback.classic.Logger.buildLoggingEventAndAppend(Logger.java:429)
	at ch.qos.logback.classic.Logger.filterAndLog_0_Or3Plus(Logger.java:388)
	at ch.qos.logback.classic.Logger.log(Logger.java:805)
	at org.slf4j.bridge.SLF4JBridgeHandler.callLocationAwareLogger(SLF4JBridgeHandler.java:232)
	at org.slf4j.bridge.SLF4JBridgeHandler.publish(SLF4JBridgeHandler.java:313)
	at java.logging/java.util.logging.Logger.log(Logger.java:983)
	at java.logging/java.util.logging.Logger.doLog(Logger.java:1010)
	at java.logging/java.util.logging.Logger.logp(Logger.java:1287)
	at org.apache.juli.logging.DirectJDKLog.log(DirectJDKLog.java:170)
	at org.apache.juli.logging.DirectJDKLog.error(DirectJDKLog.java:141)
	at org.apache.tomcat.util.net.NioEndpoint$SocketProcessor.doRun(NioEndpoint.java:1797)
	at org.apache.tomcat.util.net.SocketProcessorBase.run(SocketProcessorBase.java:52)
	at org.apache.tomcat.util.threads.ThreadPoolExecutor.runWorker(ThreadPoolExecutor.java:946)
	at org.apache.tomcat.util.threads.ThreadPoolExecutor$Worker.run(ThreadPoolExecutor.java:480)
	at org.apache.tomcat.util.threads.TaskThread$WrappingRunnable.run(TaskThread.java:57)
	at java.base/java.lang.Thread.run(Thread.java:1583)
Caused by: java.lang.ClassNotFoundException: ch.qos.logback.classic.spi.ThrowableProxy
	... 17 more
Exception in thread "http-nio-8080-exec-8" java.lang.NoClassDefFoundError: ch/qos/logback/classic/spi/ThrowableProxy
	at ch.qos.logback.classic.spi.LoggingEvent.<init>(LoggingEvent.java:145)
	at ch.qos.logback.classic.Logger.buildLoggingEventAndAppend(Logger.java:429)
	at ch.qos.logback.classic.Logger.filterAndLog_0_Or3Plus(Logger.java:388)
	at ch.qos.logback.classic.Logger.log(Logger.java:805)
	at org.slf4j.bridge.SLF4JBridgeHandler.callLocationAwareLogger(SLF4JBridgeHandler.java:232)
	at org.slf4j.bridge.SLF4JBridgeHandler.publish(SLF4JBridgeHandler.java:313)
	at java.logging/java.util.logging.Logger.log(Logger.java:983)
	at java.logging/java.util.logging.Logger.doLog(Logger.java:1010)
	at java.logging/java.util.logging.Logger.logp(Logger.java:1287)
	at org.apache.juli.logging.DirectJDKLog.log(DirectJDKLog.java:170)
	at org.apache.juli.logging.DirectJDKLog.error(DirectJDKLog.java:141)
	at org.apache.tomcat.util.net.NioEndpoint$SocketProcessor.doRun(NioEndpoint.java:1797)
	at org.apache.tomcat.util.net.SocketProcessorBase.run(SocketProcessorBase.java:52)
	at org.apache.tomcat.util.threads.ThreadPoolExecutor.runWorker(ThreadPoolExecutor.java:946)
	at org.apache.tomcat.util.threads.ThreadPoolExecutor$Worker.run(ThreadPoolExecutor.java:480)
	at org.apache.tomcat.util.threads.TaskThread$WrappingRunnable.run(TaskThread.java:57)
	at java.base/java.lang.Thread.run(Thread.java:1583)
Caused by: java.lang.ClassNotFoundException: ch.qos.logback.classic.spi.ThrowableProxy
	... 17 more
Exception in thread "http-nio-8080-exec-3" java.lang.NoClassDefFoundError: ch/qos/logback/classic/spi/ThrowableProxy
	at ch.qos.logback.classic.spi.LoggingEvent.<init>(LoggingEvent.java:145)
	at ch.qos.logback.classic.Logger.buildLoggingEventAndAppend(Logger.java:429)
	at ch.qos.logback.classic.Logger.filterAndLog_0_Or3Plus(Logger.java:388)
	at ch.qos.logback.classic.Logger.log(Logger.java:805)
	at org.slf4j.bridge.SLF4JBridgeHandler.callLocationAwareLogger(SLF4JBridgeHandler.java:232)
	at org.slf4j.bridge.SLF4JBridgeHandler.publish(SLF4JBridgeHandler.java:313)
	at java.logging/java.util.logging.Logger.log(Logger.java:983)
	at java.logging/java.util.logging.Logger.doLog(Logger.java:1010)
	at java.logging/java.util.logging.Logger.logp(Logger.java:1287)
	at org.apache.juli.logging.DirectJDKLog.log(DirectJDKLog.java:170)
	at org.apache.juli.logging.DirectJDKLog.error(DirectJDKLog.java:141)
	at org.apache.tomcat.util.net.NioEndpoint$SocketProcessor.doRun(NioEndpoint.java:1797)
	at org.apache.tomcat.util.net.SocketProcessorBase.run(SocketProcessorBase.java:52)
	at org.apache.tomcat.util.threads.ThreadPoolExecutor.runWorker(ThreadPoolExecutor.java:946)
	at org.apache.tomcat.util.threads.ThreadPoolExecutor$Worker.run(ThreadPoolExecutor.java:480)
	at org.apache.tomcat.util.threads.TaskThread$WrappingRunnable.run(TaskThread.java:57)
	at java.base/java.lang.Thread.run(Thread.java:1583)
Caused by: java.lang.ClassNotFoundException: ch.qos.logback.classic.spi.ThrowableProxy
	... 17 more
Exception in thread "http-nio-8080-exec-7" java.lang.NoClassDefFoundError: ch/qos/logback/classic/spi/ThrowableProxy
	at ch.qos.logback.classic.spi.LoggingEvent.<init>(LoggingEvent.java:145)
	at ch.qos.logback.classic.Logger.buildLoggingEventAndAppend(Logger.java:429)
	at ch.qos.logback.classic.Logger.filterAndLog_0_Or3Plus(Logger.java:388)
	at ch.qos.logback.classic.Logger.log(Logger.java:805)
	at org.slf4j.bridge.SLF4JBridgeHandler.callLocationAwareLogger(SLF4JBridgeHandler.java:232)
	at org.slf4j.bridge.SLF4JBridgeHandler.publish(SLF4JBridgeHandler.java:313)
	at java.logging/java.util.logging.Logger.log(Logger.java:983)
	at java.logging/java.util.logging.Logger.doLog(Logger.java:1010)
	at java.logging/java.util.logging.Logger.logp(Logger.java:1287)
	at org.apache.juli.logging.DirectJDKLog.log(DirectJDKLog.java:170)
	at org.apache.juli.logging.DirectJDKLog.error(DirectJDKLog.java:141)
	at org.apache.tomcat.util.net.NioEndpoint$SocketProcessor.doRun(NioEndpoint.java:1797)
	at org.apache.tomcat.util.net.SocketProcessorBase.run(SocketProcessorBase.java:52)
	at org.apache.tomcat.util.threads.ThreadPoolExecutor.runWorker(ThreadPoolExecutor.java:946)
	at org.apache.tomcat.util.threads.ThreadPoolExecutor$Worker.run(ThreadPoolExecutor.java:480)
	at org.apache.tomcat.util.threads.TaskThread$WrappingRunnable.run(TaskThread.java:57)
	at java.base/java.lang.Thread.run(Thread.java:1583)
Caused by: java.lang.ClassNotFoundException: ch.qos.logback.classic.spi.ThrowableProxy
	... 17 more
Exception in thread "http-nio-8080-exec-2" java.lang.NoClassDefFoundError: ch/qos/logback/classic/spi/ThrowableProxy
	at ch.qos.logback.classic.spi.LoggingEvent.<init>(LoggingEvent.java:145)
	at ch.qos.logback.classic.Logger.buildLoggingEventAndAppend(Logger.java:429)
	at ch.qos.logback.classic.Logger.filterAndLog_0_Or3Plus(Logger.java:388)
	at ch.qos.logback.classic.Logger.log(Logger.java:805)
	at org.slf4j.bridge.SLF4JBridgeHandler.callLocationAwareLogger(SLF4JBridgeHandler.java:232)
	at org.slf4j.bridge.SLF4JBridgeHandler.publish(SLF4JBridgeHandler.java:313)
	at java.logging/java.util.logging.Logger.log(Logger.java:983)
	at java.logging/java.util.logging.Logger.doLog(Logger.java:1010)
	at java.logging/java.util.logging.Logger.logp(Logger.java:1287)
	at org.apache.juli.logging.DirectJDKLog.log(DirectJDKLog.java:170)
	at org.apache.juli.logging.DirectJDKLog.error(DirectJDKLog.java:141)
	at org.apache.tomcat.util.net.NioEndpoint$SocketProcessor.doRun(NioEndpoint.java:1797)
	at org.apache.tomcat.util.net.SocketProcessorBase.run(SocketProcessorBase.java:52)
	at org.apache.tomcat.util.threads.ThreadPoolExecutor.runWorker(ThreadPoolExecutor.java:946)
	at org.apache.tomcat.util.threads.ThreadPoolExecutor$Worker.run(ThreadPoolExecutor.java:480)
	at org.apache.tomcat.util.threads.TaskThread$WrappingRunnable.run(TaskThread.java:57)
	at java.base/java.lang.Thread.run(Thread.java:1583)
Caused by: java.lang.ClassNotFoundException: ch.qos.logback.classic.spi.ThrowableProxy
	... 17 more
Exception in thread "http-nio-8080-exec-5" java.lang.NoClassDefFoundError: ch/qos/logback/classic/spi/ThrowableProxy
	at ch.qos.logback.classic.spi.LoggingEvent.<init>(LoggingEvent.java:145)
	at ch.qos.logback.classic.Logger.buildLoggingEventAndAppend(Logger.java:429)
	at ch.qos.logback.classic.Logger.filterAndLog_0_Or3Plus(Logger.java:388)
	at ch.qos.logback.classic.Logger.log(Logger.java:805)
	at org.slf4j.bridge.SLF4JBridgeHandler.callLocationAwareLogger(SLF4JBridgeHandler.java:232)
	at org.slf4j.bridge.SLF4JBridgeHandler.publish(SLF4JBridgeHandler.java:313)
	at java.logging/java.util.logging.Logger.log(Logger.java:983)
	at java.logging/java.util.logging.Logger.doLog(Logger.java:1010)
	at java.logging/java.util.logging.Logger.logp(Logger.java:1287)
	at org.apache.juli.logging.DirectJDKLog.log(DirectJDKLog.java:170)
	at org.apache.juli.logging.DirectJDKLog.error(DirectJDKLog.java:141)
	at org.apache.tomcat.util.net.NioEndpoint$SocketProcessor.doRun(NioEndpoint.java:1797)
	at org.apache.tomcat.util.net.SocketProcessorBase.run(SocketProcessorBase.java:52)
	at org.apache.tomcat.util.threads.ThreadPoolExecutor.runWorker(ThreadPoolExecutor.java:946)
	at org.apache.tomcat.util.threads.ThreadPoolExecutor$Worker.run(ThreadPoolExecutor.java:480)
	at org.apache.tomcat.util.threads.TaskThread$WrappingRunnable.run(TaskThread.java:57)
	at java.base/java.lang.Thread.run(Thread.java:1583)
Caused by: java.lang.ClassNotFoundException: ch.qos.logback.classic.spi.ThrowableProxy
	... 17 more
Exception in thread "http-nio-8080-exec-13" java.lang.NoClassDefFoundError: ch/qos/logback/classic/spi/ThrowableProxy
	at ch.qos.logback.classic.spi.LoggingEvent.<init>(LoggingEvent.java:145)
	at ch.qos.logback.classic.Logger.buildLoggingEventAndAppend(Logger.java:429)
	at ch.qos.logback.classic.Logger.filterAndLog_0_Or3Plus(Logger.java:388)
	at ch.qos.logback.classic.Logger.log(Logger.java:805)
	at org.slf4j.bridge.SLF4JBridgeHandler.callLocationAwareLogger(SLF4JBridgeHandler.java:232)
	at org.slf4j.bridge.SLF4JBridgeHandler.publish(SLF4JBridgeHandler.java:313)
	at java.logging/java.util.logging.Logger.log(Logger.java:983)
	at java.logging/java.util.logging.Logger.doLog(Logger.java:1010)
	at java.logging/java.util.logging.Logger.logp(Logger.java:1287)
	at org.apache.juli.logging.DirectJDKLog.log(DirectJDKLog.java:170)
	at org.apache.juli.logging.DirectJDKLog.error(DirectJDKLog.java:141)
	at org.apache.tomcat.util.net.NioEndpoint$SocketProcessor.doRun(NioEndpoint.java:1797)
	at org.apache.tomcat.util.net.SocketProcessorBase.run(SocketProcessorBase.java:52)
	at org.apache.tomcat.util.threads.ThreadPoolExecutor.runWorker(ThreadPoolExecutor.java:946)
	at org.apache.tomcat.util.threads.ThreadPoolExecutor$Worker.run(ThreadPoolExecutor.java:480)
	at org.apache.tomcat.util.threads.TaskThread$WrappingRunnable.run(TaskThread.java:57)
	at java.base/java.lang.Thread.run(Thread.java:1583)
Caused by: java.lang.ClassNotFoundException: ch.qos.logback.classic.spi.ThrowableProxy
	... 17 more
Exception in thread "http-nio-8080-exec-11" java.lang.NoClassDefFoundError: ch/qos/logback/classic/spi/ThrowableProxy
	at ch.qos.logback.classic.spi.LoggingEvent.<init>(LoggingEvent.java:145)
	at ch.qos.logback.classic.Logger.buildLoggingEventAndAppend(Logger.java:429)
	at ch.qos.logback.classic.Logger.filterAndLog_0_Or3Plus(Logger.java:388)
	at ch.qos.logback.classic.Logger.log(Logger.java:805)
	at org.slf4j.bridge.SLF4JBridgeHandler.callLocationAwareLogger(SLF4JBridgeHandler.java:232)
	at org.slf4j.bridge.SLF4JBridgeHandler.publish(SLF4JBridgeHandler.java:313)
	at java.logging/java.util.logging.Logger.log(Logger.java:983)
	at java.logging/java.util.logging.Logger.doLog(Logger.java:1010)
	at java.logging/java.util.logging.Logger.logp(Logger.java:1287)
	at org.apache.juli.logging.DirectJDKLog.log(DirectJDKLog.java:170)
	at org.apache.juli.logging.DirectJDKLog.error(DirectJDKLog.java:141)
	at org.apache.tomcat.util.net.NioEndpoint$SocketProcessor.doRun(NioEndpoint.java:1797)
	at org.apache.tomcat.util.net.SocketProcessorBase.run(SocketProcessorBase.java:52)
	at org.apache.tomcat.util.threads.ThreadPoolExecutor.runWorker(ThreadPoolExecutor.java:946)
	at org.apache.tomcat.util.threads.ThreadPoolExecutor$Worker.run(ThreadPoolExecutor.java:480)
	at org.apache.tomcat.util.threads.TaskThread$WrappingRunnable.run(TaskThread.java:57)
	at java.base/java.lang.Thread.run(Thread.java:1583)
Caused by: java.lang.ClassNotFoundException: ch.qos.logback.classic.spi.ThrowableProxy
	... 17 more
Exception in thread "http-nio-8080-exec-14" java.lang.NoClassDefFoundError: ch/qos/logback/classic/spi/ThrowableProxy
	at ch.qos.logback.classic.spi.LoggingEvent.<init>(LoggingEvent.java:145)
	at ch.qos.logback.classic.Logger.buildLoggingEventAndAppend(Logger.java:429)
	at ch.qos.logback.classic.Logger.filterAndLog_0_Or3Plus(Logger.java:388)
	at ch.qos.logback.classic.Logger.log(Logger.java:805)
	at org.slf4j.bridge.SLF4JBridgeHandler.callLocationAwareLogger(SLF4JBridgeHandler.java:232)
	at org.slf4j.bridge.SLF4JBridgeHandler.publish(SLF4JBridgeHandler.java:313)
	at java.logging/java.util.logging.Logger.log(Logger.java:983)
	at java.logging/java.util.logging.Logger.doLog(Logger.java:1010)
	at java.logging/java.util.logging.Logger.logp(Logger.java:1287)
	at org.apache.juli.logging.DirectJDKLog.log(DirectJDKLog.java:170)
	at org.apache.juli.logging.DirectJDKLog.error(DirectJDKLog.java:141)
	at org.apache.tomcat.util.net.NioEndpoint$SocketProcessor.doRun(NioEndpoint.java:1797)
	at org.apache.tomcat.util.net.SocketProcessorBase.run(SocketProcessorBase.java:52)
	at org.apache.tomcat.util.threads.ThreadPoolExecutor.runWorker(ThreadPoolExecutor.java:946)
	at org.apache.tomcat.util.threads.ThreadPoolExecutor$Worker.run(ThreadPoolExecutor.java:480)
	at org.apache.tomcat.util.threads.TaskThread$WrappingRunnable.run(TaskThread.java:57)
	at java.base/java.lang.Thread.run(Thread.java:1583)
Caused by: java.lang.ClassNotFoundException: ch.qos.logback.classic.spi.ThrowableProxy
	... 17 more
Exception in thread "http-nio-8080-exec-12" java.lang.NoClassDefFoundError: ch/qos/logback/classic/spi/ThrowableProxy
	at ch.qos.logback.classic.spi.LoggingEvent.<init>(LoggingEvent.java:145)
	at ch.qos.logback.classic.Logger.buildLoggingEventAndAppend(Logger.java:429)
	at ch.qos.logback.classic.Logger.filterAndLog_0_Or3Plus(Logger.java:388)
	at ch.qos.logback.classic.Logger.log(Logger.java:805)
	at org.slf4j.bridge.SLF4JBridgeHandler.callLocationAwareLogger(SLF4JBridgeHandler.java:232)
	at org.slf4j.bridge.SLF4JBridgeHandler.publish(SLF4JBridgeHandler.java:313)
	at java.logging/java.util.logging.Logger.log(Logger.java:983)
	at java.logging/java.util.logging.Logger.doLog(Logger.java:1010)
	at java.logging/java.util.logging.Logger.logp(Logger.java:1287)
	at org.apache.juli.logging.DirectJDKLog.log(DirectJDKLog.java:170)
	at org.apache.juli.logging.DirectJDKLog.error(DirectJDKLog.java:141)
	at org.apache.tomcat.util.net.NioEndpoint$SocketProcessor.doRun(NioEndpoint.java:1797)
	at org.apache.tomcat.util.net.SocketProcessorBase.run(SocketProcessorBase.java:52)
	at org.apache.tomcat.util.threads.ThreadPoolExecutor.runWorker(ThreadPoolExecutor.java:946)
	at org.apache.tomcat.util.threads.ThreadPoolExecutor$Worker.run(ThreadPoolExecutor.java:480)
	at org.apache.tomcat.util.threads.TaskThread$WrappingRunnable.run(TaskThread.java:57)
	at java.base/java.lang.Thread.run(Thread.java:1583)
Caused by: java.lang.ClassNotFoundException: ch.qos.logback.classic.spi.ThrowableProxy
	... 17 more
Exception in thread "http-nio-8080-exec-16" java.lang.NoClassDefFoundError: ch/qos/logback/classic/spi/ThrowableProxy
	at ch.qos.logback.classic.spi.LoggingEvent.<init>(LoggingEvent.java:145)
	at ch.qos.logback.classic.Logger.buildLoggingEventAndAppend(Logger.java:429)
	at ch.qos.logback.classic.Logger.filterAndLog_0_Or3Plus(Logger.java:388)
	at ch.qos.logback.classic.Logger.log(Logger.java:805)
	at org.slf4j.bridge.SLF4JBridgeHandler.callLocationAwareLogger(SLF4JBridgeHandler.java:232)
	at org.slf4j.bridge.SLF4JBridgeHandler.publish(SLF4JBridgeHandler.java:313)
	at java.logging/java.util.logging.Logger.log(Logger.java:983)
	at java.logging/java.util.logging.Logger.doLog(Logger.java:1010)
	at java.logging/java.util.logging.Logger.logp(Logger.java:1287)
	at org.apache.juli.logging.DirectJDKLog.log(DirectJDKLog.java:170)
	at org.apache.juli.logging.DirectJDKLog.error(DirectJDKLog.java:141)
	at org.apache.tomcat.util.net.NioEndpoint$SocketProcessor.doRun(NioEndpoint.java:1797)
	at org.apache.tomcat.util.net.SocketProcessorBase.run(SocketProcessorBase.java:52)
	at org.apache.tomcat.util.threads.ThreadPoolExecutor.runWorker(ThreadPoolExecutor.java:946)
	at org.apache.tomcat.util.threads.ThreadPoolExecutor$Worker.run(ThreadPoolExecutor.java:480)
	at org.apache.tomcat.util.threads.TaskThread$WrappingRunnable.run(TaskThread.java:57)
	at java.base/java.lang.Thread.run(Thread.java:1583)
Caused by: java.lang.ClassNotFoundException: ch.qos.logback.classic.spi.ThrowableProxy
	... 17 more
Exception in thread "http-nio-8080-exec-17" java.lang.NoClassDefFoundError: ch/qos/logback/classic/spi/ThrowableProxy
	at ch.qos.logback.classic.spi.LoggingEvent.<init>(LoggingEvent.java:145)
	at ch.qos.logback.classic.Logger.buildLoggingEventAndAppend(Logger.java:429)
	at ch.qos.logback.classic.Logger.filterAndLog_0_Or3Plus(Logger.java:388)
	at ch.qos.logback.classic.Logger.log(Logger.java:805)
	at org.slf4j.bridge.SLF4JBridgeHandler.callLocationAwareLogger(SLF4JBridgeHandler.java:232)
	at org.slf4j.bridge.SLF4JBridgeHandler.publish(SLF4JBridgeHandler.java:313)
	at java.logging/java.util.logging.Logger.log(Logger.java:983)
	at java.logging/java.util.logging.Logger.doLog(Logger.java:1010)
	at java.logging/java.util.logging.Logger.logp(Logger.java:1287)
	at org.apache.juli.logging.DirectJDKLog.log(DirectJDKLog.java:170)
	at org.apache.juli.logging.DirectJDKLog.error(DirectJDKLog.java:141)
	at org.apache.tomcat.util.net.NioEndpoint$SocketProcessor.doRun(NioEndpoint.java:1797)
	at org.apache.tomcat.util.net.SocketProcessorBase.run(SocketProcessorBase.java:52)
	at org.apache.tomcat.util.threads.ThreadPoolExecutor.runWorker(ThreadPoolExecutor.java:946)
	at org.apache.tomcat.util.threads.ThreadPoolExecutor$Worker.run(ThreadPoolExecutor.java:480)
	at org.apache.tomcat.util.threads.TaskThread$WrappingRunnable.run(TaskThread.java:57)
	at java.base/java.lang.Thread.run(Thread.java:1583)
Caused by: java.lang.ClassNotFoundException: ch.qos.logback.classic.spi.ThrowableProxy
	... 17 more
Exception in thread "http-nio-8080-exec-18" java.lang.NoClassDefFoundError: ch/qos/logback/classic/spi/ThrowableProxy
	at ch.qos.logback.classic.spi.LoggingEvent.<init>(LoggingEvent.java:145)
	at ch.qos.logback.classic.Logger.buildLoggingEventAndAppend(Logger.java:429)
	at ch.qos.logback.classic.Logger.filterAndLog_0_Or3Plus(Logger.java:388)
	at ch.qos.logback.classic.Logger.log(Logger.java:805)
	at org.slf4j.bridge.SLF4JBridgeHandler.callLocationAwareLogger(SLF4JBridgeHandler.java:232)
	at org.slf4j.bridge.SLF4JBridgeHandler.publish(SLF4JBridgeHandler.java:313)
	at java.logging/java.util.logging.Logger.log(Logger.java:983)
	at java.logging/java.util.logging.Logger.doLog(Logger.java:1010)
	at java.logging/java.util.logging.Logger.logp(Logger.java:1287)
	at org.apache.juli.logging.DirectJDKLog.log(DirectJDKLog.java:170)
	at org.apache.juli.logging.DirectJDKLog.error(DirectJDKLog.java:141)
	at org.apache.tomcat.util.net.NioEndpoint$SocketProcessor.doRun(NioEndpoint.java:1797)
	at org.apache.tomcat.util.net.SocketProcessorBase.run(SocketProcessorBase.java:52)
	at org.apache.tomcat.util.threads.ThreadPoolExecutor.runWorker(ThreadPoolExecutor.java:946)
	at org.apache.tomcat.util.threads.ThreadPoolExecutor$Worker.run(ThreadPoolExecutor.java:480)
	at org.apache.tomcat.util.threads.TaskThread$WrappingRunnable.run(TaskThread.java:57)
	at java.base/java.lang.Thread.run(Thread.java:1583)
Caused by: java.lang.ClassNotFoundException: ch.qos.logback.classic.spi.ThrowableProxy
	... 17 more
Exception in thread "http-nio-8080-exec-19" java.lang.NoClassDefFoundError: ch/qos/logback/classic/spi/ThrowableProxy
	at ch.qos.logback.classic.spi.LoggingEvent.<init>(LoggingEvent.java:145)
	at ch.qos.logback.classic.Logger.buildLoggingEventAndAppend(Logger.java:429)
	at ch.qos.logback.classic.Logger.filterAndLog_0_Or3Plus(Logger.java:388)
	at ch.qos.logback.classic.Logger.log(Logger.java:805)
	at org.slf4j.bridge.SLF4JBridgeHandler.callLocationAwareLogger(SLF4JBridgeHandler.java:232)
	at org.slf4j.bridge.SLF4JBridgeHandler.publish(SLF4JBridgeHandler.java:313)
	at java.logging/java.util.logging.Logger.log(Logger.java:983)
	at java.logging/java.util.logging.Logger.doLog(Logger.java:1010)
	at java.logging/java.util.logging.Logger.logp(Logger.java:1287)
	at org.apache.juli.logging.DirectJDKLog.log(DirectJDKLog.java:170)
	at org.apache.juli.logging.DirectJDKLog.error(DirectJDKLog.java:141)
	at org.apache.tomcat.util.net.NioEndpoint$SocketProcessor.doRun(NioEndpoint.java:1797)
	at org.apache.tomcat.util.net.SocketProcessorBase.run(SocketProcessorBase.java:52)
	at org.apache.tomcat.util.threads.ThreadPoolExecutor.runWorker(ThreadPoolExecutor.java:946)
	at org.apache.tomcat.util.threads.ThreadPoolExecutor$Worker.run(ThreadPoolExecutor.java:480)
	at org.apache.tomcat.util.threads.TaskThread$WrappingRunnable.run(TaskThread.java:57)
	at java.base/java.lang.Thread.run(Thread.java:1583)
Caused by: java.lang.ClassNotFoundException: ch.qos.logback.classic.spi.ThrowableProxy
	... 17 more
Exception in thread "http-nio-8080-exec-15" java.lang.NoClassDefFoundError: ch/qos/logback/classic/spi/ThrowableProxy
	at ch.qos.logback.classic.spi.LoggingEvent.<init>(LoggingEvent.java:145)
	at ch.qos.logback.classic.Logger.buildLoggingEventAndAppend(Logger.java:429)
	at ch.qos.logback.classic.Logger.filterAndLog_0_Or3Plus(Logger.java:388)
	at ch.qos.logback.classic.Logger.log(Logger.java:805)
	at org.slf4j.bridge.SLF4JBridgeHandler.callLocationAwareLogger(SLF4JBridgeHandler.java:232)
	at org.slf4j.bridge.SLF4JBridgeHandler.publish(SLF4JBridgeHandler.java:313)
	at java.logging/java.util.logging.Logger.log(Logger.java:983)
	at java.logging/java.util.logging.Logger.doLog(Logger.java:1010)
	at java.logging/java.util.logging.Logger.logp(Logger.java:1287)
	at org.apache.juli.logging.DirectJDKLog.log(DirectJDKLog.java:170)
	at org.apache.juli.logging.DirectJDKLog.error(DirectJDKLog.java:141)
	at org.apache.tomcat.util.net.NioEndpoint$SocketProcessor.doRun(NioEndpoint.java:1797)
	at org.apache.tomcat.util.net.SocketProcessorBase.run(SocketProcessorBase.java:52)
	at org.apache.tomcat.util.threads.ThreadPoolExecutor.runWorker(ThreadPoolExecutor.java:946)
	at org.apache.tomcat.util.threads.ThreadPoolExecutor$Worker.run(ThreadPoolExecutor.java:480)
	at org.apache.tomcat.util.threads.TaskThread$WrappingRunnable.run(TaskThread.java:57)
	at java.base/java.lang.Thread.run(Thread.java:1583)
Caused by: java.lang.ClassNotFoundException: ch.qos.logback.classic.spi.ThrowableProxy
	... 17 more
Exception in thread "http-nio-8080-exec-22" java.lang.NoClassDefFoundError: ch/qos/logback/classic/spi/ThrowableProxy
	at ch.qos.logback.classic.spi.LoggingEvent.<init>(LoggingEvent.java:145)
	at ch.qos.logback.classic.Logger.buildLoggingEventAndAppend(Logger.java:429)
	at ch.qos.logback.classic.Logger.filterAndLog_0_Or3Plus(Logger.java:388)
	at ch.qos.logback.classic.Logger.log(Logger.java:805)
	at org.slf4j.bridge.SLF4JBridgeHandler.callLocationAwareLogger(SLF4JBridgeHandler.java:232)
	at org.slf4j.bridge.SLF4JBridgeHandler.publish(SLF4JBridgeHandler.java:313)
	at java.logging/java.util.logging.Logger.log(Logger.java:983)
	at java.logging/java.util.logging.Logger.doLog(Logger.java:1010)
	at java.logging/java.util.logging.Logger.logp(Logger.java:1287)
	at org.apache.juli.logging.DirectJDKLog.log(DirectJDKLog.java:170)
	at org.apache.juli.logging.DirectJDKLog.error(DirectJDKLog.java:141)
	at org.apache.tomcat.util.net.NioEndpoint$SocketProcessor.doRun(NioEndpoint.java:1797)
	at org.apache.tomcat.util.net.SocketProcessorBase.run(SocketProcessorBase.java:52)
	at org.apache.tomcat.util.threads.ThreadPoolExecutor.runWorker(ThreadPoolExecutor.java:946)
	at org.apache.tomcat.util.threads.ThreadPoolExecutor$Worker.run(ThreadPoolExecutor.java:480)
	at org.apache.tomcat.util.threads.TaskThread$WrappingRunnable.run(TaskThread.java:57)
	at java.base/java.lang.Thread.run(Thread.java:1583)
Caused by: java.lang.ClassNotFoundException: ch.qos.logback.classic.spi.ThrowableProxy
	... 17 more
Exception in thread "http-nio-8080-exec-23" java.lang.NoClassDefFoundError: ch/qos/logback/classic/spi/ThrowableProxy
	at ch.qos.logback.classic.spi.LoggingEvent.<init>(LoggingEvent.java:145)
	at ch.qos.logback.classic.Logger.buildLoggingEventAndAppend(Logger.java:429)
	at ch.qos.logback.classic.Logger.filterAndLog_0_Or3Plus(Logger.java:388)
	at ch.qos.logback.classic.Logger.log(Logger.java:805)
	at org.slf4j.bridge.SLF4JBridgeHandler.callLocationAwareLogger(SLF4JBridgeHandler.java:232)
	at org.slf4j.bridge.SLF4JBridgeHandler.publish(SLF4JBridgeHandler.java:313)
	at java.logging/java.util.logging.Logger.log(Logger.java:983)
	at java.logging/java.util.logging.Logger.doLog(Logger.java:1010)
	at java.logging/java.util.logging.Logger.logp(Logger.java:1287)
	at org.apache.juli.logging.DirectJDKLog.log(DirectJDKLog.java:170)
	at org.apache.juli.logging.DirectJDKLog.error(DirectJDKLog.java:141)
	at org.apache.tomcat.util.net.NioEndpoint$SocketProcessor.doRun(NioEndpoint.java:1797)
	at org.apache.tomcat.util.net.SocketProcessorBase.run(SocketProcessorBase.java:52)
	at org.apache.tomcat.util.threads.ThreadPoolExecutor.runWorker(ThreadPoolExecutor.java:946)
	at org.apache.tomcat.util.threads.ThreadPoolExecutor$Worker.run(ThreadPoolExecutor.java:480)
	at org.apache.tomcat.util.threads.TaskThread$WrappingRunnable.run(TaskThread.java:57)
	at java.base/java.lang.Thread.run(Thread.java:1583)
Caused by: java.lang.ClassNotFoundException: ch.qos.logback.classic.spi.ThrowableProxy
	... 17 more
Exception in thread "http-nio-8080-exec-24" java.lang.NoClassDefFoundError: ch/qos/logback/classic/spi/ThrowableProxy
	at ch.qos.logback.classic.spi.LoggingEvent.<init>(LoggingEvent.java:145)
	at ch.qos.logback.classic.Logger.buildLoggingEventAndAppend(Logger.java:429)
	at ch.qos.logback.classic.Logger.filterAndLog_0_Or3Plus(Logger.java:388)
	at ch.qos.logback.classic.Logger.log(Logger.java:805)
	at org.slf4j.bridge.SLF4JBridgeHandler.callLocationAwareLogger(SLF4JBridgeHandler.java:232)
	at org.slf4j.bridge.SLF4JBridgeHandler.publish(SLF4JBridgeHandler.java:313)
	at java.logging/java.util.logging.Logger.log(Logger.java:983)
	at java.logging/java.util.logging.Logger.doLog(Logger.java:1010)
	at java.logging/java.util.logging.Logger.logp(Logger.java:1287)
	at org.apache.juli.logging.DirectJDKLog.log(DirectJDKLog.java:170)
	at org.apache.juli.logging.DirectJDKLog.error(DirectJDKLog.java:141)
	at org.apache.tomcat.util.net.NioEndpoint$SocketProcessor.doRun(NioEndpoint.java:1797)
	at org.apache.tomcat.util.net.SocketProcessorBase.run(SocketProcessorBase.java:52)
	at org.apache.tomcat.util.threads.ThreadPoolExecutor.runWorker(ThreadPoolExecutor.java:946)
	at org.apache.tomcat.util.threads.ThreadPoolExecutor$Worker.run(ThreadPoolExecutor.java:480)
	at org.apache.tomcat.util.threads.TaskThread$WrappingRunnable.run(TaskThread.java:57)
	at java.base/java.lang.Thread.run(Thread.java:1583)
Caused by: java.lang.ClassNotFoundException: ch.qos.logback.classic.spi.ThrowableProxy
	... 17 more
Exception in thread "http-nio-8080-exec-25" java.lang.NoClassDefFoundError: ch/qos/logback/classic/spi/ThrowableProxy
	at ch.qos.logback.classic.spi.LoggingEvent.<init>(LoggingEvent.java:145)
	at ch.qos.logback.classic.Logger.buildLoggingEventAndAppend(Logger.java:429)
	at ch.qos.logback.classic.Logger.filterAndLog_0_Or3Plus(Logger.java:388)
	at ch.qos.logback.classic.Logger.log(Logger.java:805)
	at org.slf4j.bridge.SLF4JBridgeHandler.callLocationAwareLogger(SLF4JBridgeHandler.java:232)
	at org.slf4j.bridge.SLF4JBridgeHandler.publish(SLF4JBridgeHandler.java:313)
	at java.logging/java.util.logging.Logger.log(Logger.java:983)
	at java.logging/java.util.logging.Logger.doLog(Logger.java:1010)
	at java.logging/java.util.logging.Logger.logp(Logger.java:1287)
	at org.apache.juli.logging.DirectJDKLog.log(DirectJDKLog.java:170)
	at org.apache.juli.logging.DirectJDKLog.error(DirectJDKLog.java:141)
	at org.apache.tomcat.util.net.NioEndpoint$SocketProcessor.doRun(NioEndpoint.java:1797)
	at org.apache.tomcat.util.net.SocketProcessorBase.run(SocketProcessorBase.java:52)
	at org.apache.tomcat.util.threads.ThreadPoolExecutor.runWorker(ThreadPoolExecutor.java:946)
	at org.apache.tomcat.util.threads.ThreadPoolExecutor$Worker.run(ThreadPoolExecutor.java:480)
	at org.apache.tomcat.util.threads.TaskThread$WrappingRunnable.run(TaskThread.java:57)
	at java.base/java.lang.Thread.run(Thread.java:1583)
Caused by: java.lang.ClassNotFoundException: ch.qos.logback.classic.spi.ThrowableProxy
	... 17 more
Exception in thread "http-nio-8080-exec-28" java.lang.NoClassDefFoundError: ch/qos/logback/classic/spi/ThrowableProxy
	at ch.qos.logback.classic.spi.LoggingEvent.<init>(LoggingEvent.java:145)
	at ch.qos.logback.classic.Logger.buildLoggingEventAndAppend(Logger.java:429)
	at ch.qos.logback.classic.Logger.filterAndLog_0_Or3Plus(Logger.java:388)
	at ch.qos.logback.classic.Logger.log(Logger.java:805)
	at org.slf4j.bridge.SLF4JBridgeHandler.callLocationAwareLogger(SLF4JBridgeHandler.java:232)
	at org.slf4j.bridge.SLF4JBridgeHandler.publish(SLF4JBridgeHandler.java:313)
	at java.logging/java.util.logging.Logger.log(Logger.java:983)
	at java.logging/java.util.logging.Logger.doLog(Logger.java:1010)
	at java.logging/java.util.logging.Logger.logp(Logger.java:1287)
	at org.apache.juli.logging.DirectJDKLog.log(DirectJDKLog.java:170)
	at org.apache.juli.logging.DirectJDKLog.error(DirectJDKLog.java:141)
	at org.apache.tomcat.util.net.NioEndpoint$SocketProcessor.doRun(NioEndpoint.java:1797)
	at org.apache.tomcat.util.net.SocketProcessorBase.run(SocketProcessorBase.java:52)
	at org.apache.tomcat.util.threads.ThreadPoolExecutor.runWorker(ThreadPoolExecutor.java:946)
	at org.apache.tomcat.util.threads.ThreadPoolExecutor$Worker.run(ThreadPoolExecutor.java:480)
	at org.apache.tomcat.util.threads.TaskThread$WrappingRunnable.run(TaskThread.java:57)
	at java.base/java.lang.Thread.run(Thread.java:1583)
Caused by: java.lang.ClassNotFoundException: ch.qos.logback.classic.spi.ThrowableProxy
	... 17 more
Exception in thread "http-nio-8080-exec-26" java.lang.NoClassDefFoundError: ch/qos/logback/classic/spi/ThrowableProxy
	at ch.qos.logback.classic.spi.LoggingEvent.<init>(LoggingEvent.java:145)
	at ch.qos.logback.classic.Logger.buildLoggingEventAndAppend(Logger.java:429)
	at ch.qos.logback.classic.Logger.filterAndLog_0_Or3Plus(Logger.java:388)
	at ch.qos.logback.classic.Logger.log(Logger.java:805)
	at org.slf4j.bridge.SLF4JBridgeHandler.callLocationAwareLogger(SLF4JBridgeHandler.java:232)
	at org.slf4j.bridge.SLF4JBridgeHandler.publish(SLF4JBridgeHandler.java:313)
	at java.logging/java.util.logging.Logger.log(Logger.java:983)
	at java.logging/java.util.logging.Logger.doLog(Logger.java:1010)
	at java.logging/java.util.logging.Logger.logp(Logger.java:1287)
	at org.apache.juli.logging.DirectJDKLog.log(DirectJDKLog.java:170)
	at org.apache.juli.logging.DirectJDKLog.error(DirectJDKLog.java:141)
	at org.apache.tomcat.util.net.NioEndpoint$SocketProcessor.doRun(NioEndpoint.java:1797)
	at org.apache.tomcat.util.net.SocketProcessorBase.run(SocketProcessorBase.java:52)
	at org.apache.tomcat.util.threads.ThreadPoolExecutor.runWorker(ThreadPoolExecutor.java:946)
	at org.apache.tomcat.util.threads.ThreadPoolExecutor$Worker.run(ThreadPoolExecutor.java:480)
	at org.apache.tomcat.util.threads.TaskThread$WrappingRunnable.run(TaskThread.java:57)
	at java.base/java.lang.Thread.run(Thread.java:1583)
Caused by: java.lang.ClassNotFoundException: ch.qos.logback.classic.spi.ThrowableProxy
	... 17 more
Exception in thread "http-nio-8080-exec-27" java.lang.NoClassDefFoundError: ch/qos/logback/classic/spi/ThrowableProxy
	at ch.qos.logback.classic.spi.LoggingEvent.<init>(LoggingEvent.java:145)
	at ch.qos.logback.classic.Logger.buildLoggingEventAndAppend(Logger.java:429)
	at ch.qos.logback.classic.Logger.filterAndLog_0_Or3Plus(Logger.java:388)
	at ch.qos.logback.classic.Logger.log(Logger.java:805)
	at org.slf4j.bridge.SLF4JBridgeHandler.callLocationAwareLogger(SLF4JBridgeHandler.java:232)
	at org.slf4j.bridge.SLF4JBridgeHandler.publish(SLF4JBridgeHandler.java:313)
	at java.logging/java.util.logging.Logger.log(Logger.java:983)
	at java.logging/java.util.logging.Logger.doLog(Logger.java:1010)
	at java.logging/java.util.logging.Logger.logp(Logger.java:1287)
	at org.apache.juli.logging.DirectJDKLog.log(DirectJDKLog.java:170)
	at org.apache.juli.logging.DirectJDKLog.error(DirectJDKLog.java:141)
	at org.apache.tomcat.util.net.NioEndpoint$SocketProcessor.doRun(NioEndpoint.java:1797)
	at org.apache.tomcat.util.net.SocketProcessorBase.run(SocketProcessorBase.java:52)
	at org.apache.tomcat.util.threads.ThreadPoolExecutor.runWorker(ThreadPoolExecutor.java:946)
	at org.apache.tomcat.util.threads.ThreadPoolExecutor$Worker.run(ThreadPoolExecutor.java:480)
	at org.apache.tomcat.util.threads.TaskThread$WrappingRunnable.run(TaskThread.java:57)
	at java.base/java.lang.Thread.run(Thread.java:1583)
Caused by: java.lang.ClassNotFoundException: ch.qos.logback.classic.spi.ThrowableProxy
	... 17 more
Exception in thread "http-nio-8080-exec-20" java.lang.NoClassDefFoundError: ch/qos/logback/classic/spi/ThrowableProxy
	at ch.qos.logback.classic.spi.LoggingEvent.<init>(LoggingEvent.java:145)
	at ch.qos.logback.classic.Logger.buildLoggingEventAndAppend(Logger.java:429)
	at ch.qos.logback.classic.Logger.filterAndLog_0_Or3Plus(Logger.java:388)
	at ch.qos.logback.classic.Logger.log(Logger.java:805)
	at org.slf4j.bridge.SLF4JBridgeHandler.callLocationAwareLogger(SLF4JBridgeHandler.java:232)
	at org.slf4j.bridge.SLF4JBridgeHandler.publish(SLF4JBridgeHandler.java:313)
	at java.logging/java.util.logging.Logger.log(Logger.java:983)
	at java.logging/java.util.logging.Logger.doLog(Logger.java:1010)
	at java.logging/java.util.logging.Logger.logp(Logger.java:1287)
	at org.apache.juli.logging.DirectJDKLog.log(DirectJDKLog.java:170)
	at org.apache.juli.logging.DirectJDKLog.error(DirectJDKLog.java:141)
	at org.apache.tomcat.util.net.NioEndpoint$SocketProcessor.doRun(NioEndpoint.java:1797)
	at org.apache.tomcat.util.net.SocketProcessorBase.run(SocketProcessorBase.java:52)
	at org.apache.tomcat.util.threads.ThreadPoolExecutor.runWorker(ThreadPoolExecutor.java:946)
	at org.apache.tomcat.util.threads.ThreadPoolExecutor$Worker.run(ThreadPoolExecutor.java:480)
	at org.apache.tomcat.util.threads.TaskThread$WrappingRunnable.run(TaskThread.java:57)
	at java.base/java.lang.Thread.run(Thread.java:1583)
Caused by: java.lang.ClassNotFoundException: ch.qos.logback.classic.spi.ThrowableProxy
	... 17 more
Exception in thread "http-nio-8080-exec-21" java.lang.NoClassDefFoundError: ch/qos/logback/classic/spi/ThrowableProxy
	at ch.qos.logback.classic.spi.LoggingEvent.<init>(LoggingEvent.java:145)
	at ch.qos.logback.classic.Logger.buildLoggingEventAndAppend(Logger.java:429)
	at ch.qos.logback.classic.Logger.filterAndLog_0_Or3Plus(Logger.java:388)
	at ch.qos.logback.classic.Logger.log(Logger.java:805)
	at org.slf4j.bridge.SLF4JBridgeHandler.callLocationAwareLogger(SLF4JBridgeHandler.java:232)
	at org.slf4j.bridge.SLF4JBridgeHandler.publish(SLF4JBridgeHandler.java:313)
	at java.logging/java.util.logging.Logger.log(Logger.java:983)
	at java.logging/java.util.logging.Logger.doLog(Logger.java:1010)
	at java.logging/java.util.logging.Logger.logp(Logger.java:1287)
	at org.apache.juli.logging.DirectJDKLog.log(DirectJDKLog.java:170)
	at org.apache.juli.logging.DirectJDKLog.error(DirectJDKLog.java:141)
	at org.apache.tomcat.util.net.NioEndpoint$SocketProcessor.doRun(NioEndpoint.java:1797)
	at org.apache.tomcat.util.net.SocketProcessorBase.run(SocketProcessorBase.java:52)
	at org.apache.tomcat.util.threads.ThreadPoolExecutor.runWorker(ThreadPoolExecutor.java:946)
	at org.apache.tomcat.util.threads.ThreadPoolExecutor$Worker.run(ThreadPoolExecutor.java:480)
	at org.apache.tomcat.util.threads.TaskThread$WrappingRunnable.run(TaskThread.java:57)
	at java.base/java.lang.Thread.run(Thread.java:1583)
Caused by: java.lang.ClassNotFoundException: ch.qos.logback.classic.spi.ThrowableProxy
	... 17 more
Exception in thread "SpringApplicationShutdownHook" java.lang.NoClassDefFoundError: ch/qos/logback/classic/spi/ThrowableProxy
	at ch.qos.logback.classic.spi.LoggingEvent.<init>(LoggingEvent.java:145)
	at ch.qos.logback.classic.Logger.buildLoggingEventAndAppend(Logger.java:429)
	at ch.qos.logback.classic.Logger.filterAndLog_0_Or3Plus(Logger.java:388)
	at ch.qos.logback.classic.Logger.log(Logger.java:805)
	at org.apache.commons.logging.impl.Slf4jLogFactory$Slf4jLocationAwareLog.log(Slf4jLogFactory.java:126)
	at org.apache.commons.logging.impl.Slf4jLogFactory$Slf4jLocationAwareLog.warn(Slf4jLogFactory.java:146)
	at org.springframework.context.support.AbstractApplicationContext.doClose(AbstractApplicationContext.java:1202)
	at org.springframework.boot.web.server.servlet.context.ServletWebServerApplicationContext.doClose(ServletWebServerApplicationContext.java:176)
	at org.springframework.context.support.AbstractApplicationContext.close(AbstractApplicationContext.java:1153)
	at org.springframework.boot.SpringApplicationShutdownHook.closeAndWait(SpringApplicationShutdownHook.java:147)
	at java.base/java.lang.Iterable.forEach(Iterable.java:75)
	at org.springframework.boot.SpringApplicationShutdownHook.run(SpringApplicationShutdownHook.java:116)
	at java.base/java.lang.Thread.run(Thread.java:1583)
Caused by: java.lang.ClassNotFoundException: ch.qos.logback.classic.spi.ThrowableProxy
	... 13 more
Exception in thread "main" java.lang.reflect.InvocationTargetException
	at java.base/jdk.internal.reflect.DirectMethodHandleAccessor.invoke(DirectMethodHandleAccessor.java:118)
	at java.base/java.lang.reflect.Method.invoke(Method.java:580)
	at org.springframework.boot.loader.launch.Launcher.launch(Launcher.java:106)
	at org.springframework.boot.loader.launch.Launcher.launch(Launcher.java:64)
	at org.springframework.boot.loader.launch.JarLauncher.main(JarLauncher.java:40)
Caused by: java.lang.NoClassDefFoundError: ch/qos/logback/classic/spi/ThrowableProxy
	at ch.qos.logback.classic.spi.LoggingEvent.<init>(LoggingEvent.java:145)
	at ch.qos.logback.classic.Logger.buildLoggingEventAndAppend(Logger.java:429)
	at ch.qos.logback.classic.Logger.filterAndLog_0_Or3Plus(Logger.java:388)
	at ch.qos.logback.classic.Logger.log(Logger.java:805)
	at org.apache.commons.logging.impl.Slf4jLogFactory$Slf4jLocationAwareLog.log(Slf4jLogFactory.java:126)
	at org.apache.commons.logging.impl.Slf4jLogFactory$Slf4jLocationAwareLog.error(Slf4jLogFactory.java:72)
	at org.springframework.boot.SpringApplication.reportFailure(SpringApplication.java:863)
	at org.springframework.boot.SpringApplication.handleRunFailure(SpringApplication.java:816)
	at org.springframework.boot.SpringApplication.run(SpringApplication.java:331)
	at org.springframework.boot.SpringApplication.run(SpringApplication.java:1365)
	at org.springframework.boot.SpringApplication.run(SpringApplication.java:1354)
	at com.example.backend.BackendApplication.main(BackendApplication.java:15)
	at java.base/jdk.internal.reflect.DirectMethodHandleAccessor.invoke(DirectMethodHandleAccessor.java:103)
	... 4 more
Caused by: java.lang.ClassNotFoundException: ch.qos.logback.classic.spi.ThrowableProxy
	... 17 more
Exception in thread "main" java.lang.reflect.InvocationTargetException
	at java.base/jdk.internal.reflect.DirectMethodHandleAccessor.invoke(DirectMethodHandleAccessor.java:118)
	at java.base/java.lang.reflect.Method.invoke(Method.java:580)
	at org.springframework.boot.loader.launch.Launcher.launch(Launcher.java:106)
	at org.springframework.boot.loader.launch.Launcher.launch(Launcher.java:64)
	at org.springframework.boot.loader.launch.JarLauncher.main(JarLauncher.java:40)
Caused by: java.lang.NoClassDefFoundError: ch/qos/logback/classic/spi/ThrowableProxy
	at ch.qos.logback.classic.spi.LoggingEvent.<init>(LoggingEvent.java:145)
	at ch.qos.logback.classic.Logger.buildLoggingEventAndAppend(Logger.java:429)
	at ch.qos.logback.classic.Logger.filterAndLog_0_Or3Plus(Logger.java:388)
	at ch.qos.logback.classic.Logger.log(Logger.java:805)
	at org.apache.commons.logging.impl.Slf4jLogFactory$Slf4jLocationAwareLog.log(Slf4jLogFactory.java:126)
	at org.apache.commons.logging.impl.Slf4jLogFactory$Slf4jLocationAwareLog.error(Slf4jLogFactory.java:72)
	at org.springframework.boot.SpringApplication.reportFailure(SpringApplication.java:863)
	at org.springframework.boot.SpringApplication.handleRunFailure(SpringApplication.java:816)
	at org.springframework.boot.SpringApplication.run(SpringApplication.java:331)
	at org.springframework.boot.SpringApplication.run(SpringApplication.java:1365)
	at org.springframework.boot.SpringApplication.run(SpringApplication.java:1354)
	at com.example.backend.BackendApplication.main(BackendApplication.java:15)
	at java.base/jdk.internal.reflect.DirectMethodHandleAccessor.invoke(DirectMethodHandleAccessor.java:103)
	... 4 more
Caused by: java.lang.ClassNotFoundException: ch.qos.logback.classic.spi.ThrowableProxy
	at java.base/java.net.URLClassLoader.findClass(URLClassLoader.java:445)
	at java.base/java.lang.ClassLoader.loadClass(ClassLoader.java:593)
	at org.springframework.boot.loader.net.protocol.jar.JarUrlClassLoader.loadClass(JarUrlClassLoader.java:107)
	at org.springframework.boot.loader.launch.LaunchedClassLoader.loadClass(LaunchedClassLoader.java:91)
	at java.base/java.lang.ClassLoader.loadClass(ClassLoader.java:526)
	... 17 more
Error: Invalid or corrupt jarfile C:\Games\street-retail-aggregator\backend\build\libs\backend-0.0.1-SNAPSHOT.jar
Exception in thread "main" java.lang.reflect.InvocationTargetException
	at java.base/jdk.internal.reflect.DirectMethodHandleAccessor.invoke(DirectMethodHandleAccessor.java:118)
	at java.base/java.lang.reflect.Method.invoke(Method.java:580)
	at org.springframework.boot.loader.launch.Launcher.launch(Launcher.java:106)
	at org.springframework.boot.loader.launch.Launcher.launch(Launcher.java:64)
	at org.springframework.boot.loader.launch.JarLauncher.main(JarLauncher.java:40)
Caused by: java.lang.NoClassDefFoundError: ch/qos/logback/classic/spi/ThrowableProxy
	at ch.qos.logback.classic.spi.LoggingEvent.<init>(LoggingEvent.java:145)
	at ch.qos.logback.classic.Logger.buildLoggingEventAndAppend(Logger.java:429)
	at ch.qos.logback.classic.Logger.filterAndLog_0_Or3Plus(Logger.java:388)
	at ch.qos.logback.classic.Logger.log(Logger.java:805)
	at org.apache.commons.logging.impl.Slf4jLogFactory$Slf4jLocationAwareLog.log(Slf4jLogFactory.java:126)
	at org.apache.commons.logging.impl.Slf4jLogFactory$Slf4jLocationAwareLog.error(Slf4jLogFactory.java:72)
	at org.springframework.boot.SpringApplication.reportFailure(SpringApplication.java:863)
	at org.springframework.boot.SpringApplication.handleRunFailure(SpringApplication.java:816)
	at org.springframework.boot.SpringApplication.run(SpringApplication.java:331)
	at org.springframework.boot.SpringApplication.run(SpringApplication.java:1365)
	at org.springframework.boot.SpringApplication.run(SpringApplication.java:1354)
	at com.example.backend.BackendApplication.main(BackendApplication.java:15)
	at java.base/jdk.internal.reflect.DirectMethodHandleAccessor.invoke(DirectMethodHandleAccessor.java:103)
	... 4 more
Caused by: java.lang.ClassNotFoundException: ch.qos.logback.classic.spi.ThrowableProxy
	at java.base/java.net.URLClassLoader.findClass(URLClassLoader.java:445)
	at java.base/java.lang.ClassLoader.loadClass(ClassLoader.java:593)
	at org.springframework.boot.loader.net.protocol.jar.JarUrlClassLoader.loadClass(JarUrlClassLoader.java:107)
	at org.springframework.boot.loader.launch.LaunchedClassLoader.loadClass(LaunchedClassLoader.java:91)
	at java.base/java.lang.ClassLoader.loadClass(ClassLoader.java:526)
	... 17 more
Error: Invalid or corrupt jarfile C:\Games\street-retail-aggregator\backend\build\libs\backend-0.0.1-SNAPSHOT.jar
Exception in thread "SpringApplicationShutdownHook" java.lang.NoClassDefFoundError: ch/qos/logback/classic/spi/ThrowableProxy
	at ch.qos.logback.classic.spi.LoggingEvent.<init>(LoggingEvent.java:145)
	at ch.qos.logback.classic.Logger.buildLoggingEventAndAppend(Logger.java:429)
	at ch.qos.logback.classic.Logger.filterAndLog_0_Or3Plus(Logger.java:388)
	at ch.qos.logback.classic.Logger.log(Logger.java:805)
	at org.apache.commons.logging.impl.Slf4jLogFactory$Slf4jLocationAwareLog.log(Slf4jLogFactory.java:126)
	at org.apache.commons.logging.impl.Slf4jLogFactory$Slf4jLocationAwareLog.warn(Slf4jLogFactory.java:146)
	at org.springframework.context.support.AbstractApplicationContext.doClose(AbstractApplicationContext.java:1202)
	at org.springframework.boot.web.server.servlet.context.ServletWebServerApplicationContext.doClose(ServletWebServerApplicationContext.java:176)
	at org.springframework.context.support.AbstractApplicationContext.close(AbstractApplicationContext.java:1153)
	at org.springframework.boot.SpringApplicationShutdownHook.closeAndWait(SpringApplicationShutdownHook.java:147)
	at java.base/java.lang.Iterable.forEach(Iterable.java:75)
	at org.springframework.boot.SpringApplicationShutdownHook.run(SpringApplicationShutdownHook.java:116)
	at java.base/java.lang.Thread.run(Thread.java:1583)
Caused by: java.lang.ClassNotFoundException: ch.qos.logback.classic.spi.ThrowableProxy
	... 13 more
